// Jest Snapshot v1, https://goo.gl/fbAQLP

exports[`Login page component matches snapshot 1`] = `
<DocumentFragment>
  <div
    class="root"
  >
    <h1
      class="title"
    >
      Welcome to the System for Operational Logistics Ordering (SOLO)
    </h1>
    <div>
      <button
        class="usa-button usa-button--big"
      >
        CAC Login
      </button>
    </div>
  </div>
</DocumentFragment>
`;
