// Jest Snapshot v1, https://goo.gl/fbAQLP

exports[`StatusPage component matches snapshot 1`] = `
<DocumentFragment>
  <div>
    Status Page
  </div>
</DocumentFragment>
`;
