// Jest Snapshot v1, https://goo.gl/fbAQLP

exports[`title component matches snapshot 1`] = `
<DocumentFragment>
  <h1
    class="usa-prose"
  >
    Test Title
  </h1>
</DocumentFragment>
`;
