// Jest Snapshot v1, https://goo.gl/fbAQLP

exports[`uswds button component matches snapshot 1`] = `
<DocumentFragment>
  <button
    class="usa-button"
  >
    testbtn
  </button>
</DocumentFragment>
`;
