// Jest Snapshot v1, https://goo.gl/fbAQLP

exports[`ConfirmationOfReceiptPage Component matches snapshot 1`] = `
<DocumentFragment>
  <div
    class="tablet:margin-x-8 overflow-x-auto"
  >
    <h1
      class="usa-prose"
    >
      Confirmation of Receipt
    </h1>
    <form
      class="grid-row flex-row flex-justify-center flex-align-center"
    >
      <div
        class="grid-col-full tablet:grid-col-2 margin-x-2"
      >
        <select
          class="usa-select"
          placeholder="Field"
        >
          <option
            value="sdn"
          >
            SDN
          </option>
          <option
            value="nomen"
          >
            Nomenclature
          </option>
          <option
            value="commodity"
          >
            Commodity
          </option>
        </select>
      </div>
      <div
        class="grid-col-10 tablet:grid-col-3"
      >
        <input
          class="usa-input select"
          name="input-type-text"
          placeholder="Search"
          type="text"
          value=""
        />
      </div>
      <div
        class="grid-col-auto"
      >
        <button
          class="usa-button margin-top-1 square"
          type="submit"
        >
          <svg
            aria-hidden="true"
            class="svg-inline--fa fa-search fa-w-16 "
            data-icon="search"
            data-prefix="fas"
            focusable="false"
            role="img"
            viewBox="0 0 512 512"
            xmlns="http://www.w3.org/2000/svg"
          >
            <path
              d="M505 442.7L405.3 343c-4.5-4.5-10.6-7-17-7H372c27.6-35.3 44-79.7 44-128C416 93.1 322.9 0 208 0S0 93.1 0 208s93.1 208 208 208c48.3 0 92.7-16.4 128-44v16.3c0 6.4 2.5 12.5 7 17l99.7 99.7c9.4 9.4 24.6 9.4 33.9 0l28.3-28.3c9.4-9.4 9.4-24.6.1-34zM208 336c-70.7 0-128-57.2-128-128 0-70.7 57.2-128 128-128 70.7 0 128 57.2 128 128 0 70.7-57.2 128-128 128z"
              fill="currentColor"
            />
          </svg>
        </button>
      </div>
    </form>
    <table
      class="usa-table grid-col-12 usa-table--borderless"
      role="table"
    >
      <thead>
        <tr
          role="row"
        >
          <th
            colspan="1"
            role="columnheader"
          >
            <div
              class="display-flex flex-justify flex-align-center flex-no-wrap text-no-wrap"
            >
              <div
                class="padding-left-2"
              >
                <input
                  class="usa-checkbox__input inp"
                  style="cursor: pointer;"
                  title="Toggle All Rows Selected"
                  type="checkbox"
                />
              </div>
              <svg
                aria-hidden="true"
                class="svg-inline--fa fa-chevron-up fa-w-14 margin-left-05"
                data-icon="chevron-up"
                data-prefix="fas"
                focusable="false"
                role="img"
                style="visibility: hidden;"
                viewBox="0 0 448 512"
                xmlns="http://www.w3.org/2000/svg"
              >
                <path
                  d="M240.971 130.524l194.343 194.343c9.373 9.373 9.373 24.569 0 33.941l-22.667 22.667c-9.357 9.357-24.522 9.375-33.901.04L224 227.495 69.255 381.516c-9.379 9.335-24.544 9.317-33.901-.04l-22.667-22.667c-9.373-9.373-9.373-24.569 0-33.941L207.03 130.525c9.372-9.373 24.568-9.373 33.941-.001z"
                  fill="currentColor"
                />
              </svg>
            </div>
          </th>
          <th
            colspan="1"
            role="columnheader"
            style="cursor: pointer;"
            title="Toggle SortBy"
          >
            <div
              class="display-flex flex-justify flex-align-center flex-no-wrap text-no-wrap"
            >
              SDN
              <svg
                aria-hidden="true"
                class="svg-inline--fa fa-chevron-up fa-w-14 margin-left-05"
                data-icon="chevron-up"
                data-prefix="fas"
                focusable="false"
                role="img"
                style="visibility: hidden;"
                viewBox="0 0 448 512"
                xmlns="http://www.w3.org/2000/svg"
              >
                <path
                  d="M240.971 130.524l194.343 194.343c9.373 9.373 9.373 24.569 0 33.941l-22.667 22.667c-9.357 9.357-24.522 9.375-33.901.04L224 227.495 69.255 381.516c-9.379 9.335-24.544 9.317-33.901-.04l-22.667-22.667c-9.373-9.373-9.373-24.569 0-33.941L207.03 130.525c9.372-9.373 24.568-9.373 33.941-.001z"
                  fill="currentColor"
                />
              </svg>
            </div>
          </th>
          <th
            colspan="1"
            role="columnheader"
            style="cursor: pointer;"
            title="Toggle SortBy"
          >
            <div
              class="display-flex flex-justify flex-align-center flex-no-wrap text-no-wrap"
            >
              NIIN
              <svg
                aria-hidden="true"
                class="svg-inline--fa fa-chevron-up fa-w-14 margin-left-05"
                data-icon="chevron-up"
                data-prefix="fas"
                focusable="false"
                role="img"
                style="visibility: hidden;"
                viewBox="0 0 448 512"
                xmlns="http://www.w3.org/2000/svg"
              >
                <path
                  d="M240.971 130.524l194.343 194.343c9.373 9.373 9.373 24.569 0 33.941l-22.667 22.667c-9.357 9.357-24.522 9.375-33.901.04L224 227.495 69.255 381.516c-9.379 9.335-24.544 9.317-33.901-.04l-22.667-22.667c-9.373-9.373-9.373-24.569 0-33.941L207.03 130.525c9.372-9.373 24.568-9.373 33.941-.001z"
                  fill="currentColor"
                />
              </svg>
            </div>
          </th>
          <th
            colspan="1"
            role="columnheader"
            style="cursor: pointer;"
            title="Toggle SortBy"
          >
            <div
              class="display-flex flex-justify flex-align-center flex-no-wrap text-no-wrap"
            >
              Quantity
              <svg
                aria-hidden="true"
                class="svg-inline--fa fa-chevron-up fa-w-14 margin-left-05"
                data-icon="chevron-up"
                data-prefix="fas"
                focusable="false"
                role="img"
                style="visibility: hidden;"
                viewBox="0 0 448 512"
                xmlns="http://www.w3.org/2000/svg"
              >
                <path
                  d="M240.971 130.524l194.343 194.343c9.373 9.373 9.373 24.569 0 33.941l-22.667 22.667c-9.357 9.357-24.522 9.375-33.901.04L224 227.495 69.255 381.516c-9.379 9.335-24.544 9.317-33.901-.04l-22.667-22.667c-9.373-9.373-9.373-24.569 0-33.941L207.03 130.525c9.372-9.373 24.568-9.373 33.941-.001z"
                  fill="currentColor"
                />
              </svg>
            </div>
          </th>
          <th
            colspan="1"
            role="columnheader"
            style="cursor: pointer;"
            title="Toggle SortBy"
          >
            <div
              class="display-flex flex-justify flex-align-center flex-no-wrap text-no-wrap"
            >
              Commodity
              <svg
                aria-hidden="true"
                class="svg-inline--fa fa-chevron-up fa-w-14 margin-left-05"
                data-icon="chevron-up"
                data-prefix="fas"
                focusable="false"
                role="img"
                style="visibility: hidden;"
                viewBox="0 0 448 512"
                xmlns="http://www.w3.org/2000/svg"
              >
                <path
                  d="M240.971 130.524l194.343 194.343c9.373 9.373 9.373 24.569 0 33.941l-22.667 22.667c-9.357 9.357-24.522 9.375-33.901.04L224 227.495 69.255 381.516c-9.379 9.335-24.544 9.317-33.901-.04l-22.667-22.667c-9.373-9.373-9.373-24.569 0-33.941L207.03 130.525c9.372-9.373 24.568-9.373 33.941-.001z"
                  fill="currentColor"
                />
              </svg>
            </div>
          </th>
          <th
            colspan="1"
            role="columnheader"
          >
            <div
              class="display-flex flex-justify flex-align-center flex-no-wrap text-no-wrap"
            >
              Submit COR
              <svg
                aria-hidden="true"
                class="svg-inline--fa fa-chevron-up fa-w-14 margin-left-05"
                data-icon="chevron-up"
                data-prefix="fas"
                focusable="false"
                role="img"
                style="visibility: hidden;"
                viewBox="0 0 448 512"
                xmlns="http://www.w3.org/2000/svg"
              >
                <path
                  d="M240.971 130.524l194.343 194.343c9.373 9.373 9.373 24.569 0 33.941l-22.667 22.667c-9.357 9.357-24.522 9.375-33.901.04L224 227.495 69.255 381.516c-9.379 9.335-24.544 9.317-33.901-.04l-22.667-22.667c-9.373-9.373-9.373-24.569 0-33.941L207.03 130.525c9.372-9.373 24.568-9.373 33.941-.001z"
                  fill="currentColor"
                />
              </svg>
            </div>
          </th>
        </tr>
      </thead>
      <tbody
        role="rowgroup"
      >
        <tr
          role="row"
        >
          <td
            class="td"
            role="cell"
          >
            <input
              class="usa-checkbox__input inp"
              style="cursor: pointer;"
              title="Toggle Row Selected"
              type="checkbox"
            />
          </td>
          <td
            class="td"
            role="cell"
          >
            M3030012341234
          </td>
          <td
            class="td"
            role="cell"
          >
            5430015061999
          </td>
          <td
            class="td"
            role="cell"
          />
          <td
            class="td"
            role="cell"
          >
            Motor Transportation
          </td>
          <td
            class="td"
            role="cell"
          >
            <div
              class="display-flex flex-column"
            >
              <form
                class="display-flex flex-row flex-align-center"
              >
                <input
                  class="usa-input receivedByInput"
                  placeholder="Rank Lastname, Firstname MI"
                  value=""
                />
                <button
                  class="usa-button btn"
                  disabled=""
                  type="submit"
                >
                  Submit
                </button>
              </form>
            </div>
          </td>
        </tr>
      </tbody>
    </table>
    <div
      class="grid-row flex-justify-center margin-y-4"
    >
      <button
        class="usa-button pageLink disabled usa-button--unstyled"
      >
        <svg
          aria-hidden="true"
          class="svg-inline--fa fa-chevron-left fa-w-10 fa-sm "
          data-icon="chevron-left"
          data-prefix="fas"
          focusable="false"
          role="img"
          viewBox="0 0 320 512"
          xmlns="http://www.w3.org/2000/svg"
        >
          <path
            d="M34.52 239.03L228.87 44.69c9.37-9.37 24.57-9.37 33.94 0l22.67 22.67c9.36 9.36 9.37 24.52.04 33.9L131.49 256l154.02 154.75c9.34 9.38 9.32 24.54-.04 33.9l-22.67 22.67c-9.37 9.37-24.57 9.37-33.94 0L34.52 272.97c-9.37-9.37-9.37-24.57 0-33.94z"
            fill="currentColor"
          />
        </svg>
        <svg
          aria-hidden="true"
          class="svg-inline--fa fa-chevron-left fa-w-10 fa-sm margin-right-1"
          data-icon="chevron-left"
          data-prefix="fas"
          focusable="false"
          role="img"
          viewBox="0 0 320 512"
          xmlns="http://www.w3.org/2000/svg"
        >
          <path
            d="M34.52 239.03L228.87 44.69c9.37-9.37 24.57-9.37 33.94 0l22.67 22.67c9.36 9.36 9.37 24.52.04 33.9L131.49 256l154.02 154.75c9.34 9.38 9.32 24.54-.04 33.9l-22.67 22.67c-9.37 9.37-24.57 9.37-33.94 0L34.52 272.97c-9.37-9.37-9.37-24.57 0-33.94z"
            fill="currentColor"
          />
        </svg>
        First
      </button>
      <button
        class="usa-button pageLink disabled usa-button--unstyled"
      >
        <svg
          aria-hidden="true"
          class="svg-inline--fa fa-chevron-left fa-w-10 fa-sm margin-right-1"
          data-icon="chevron-left"
          data-prefix="fas"
          focusable="false"
          role="img"
          viewBox="0 0 320 512"
          xmlns="http://www.w3.org/2000/svg"
        >
          <path
            d="M34.52 239.03L228.87 44.69c9.37-9.37 24.57-9.37 33.94 0l22.67 22.67c9.36 9.36 9.37 24.52.04 33.9L131.49 256l154.02 154.75c9.34 9.38 9.32 24.54-.04 33.9l-22.67 22.67c-9.37 9.37-24.57 9.37-33.94 0L34.52 272.97c-9.37-9.37-9.37-24.57 0-33.94z"
            fill="currentColor"
          />
        </svg>
        Previous
      </button>
      <button
        class="usa-button pageLink usa-button--outline"
      >
        1
      </button>
      <button
        class="usa-button pageLink usa-button--unstyled"
      >
        2
      </button>
      <button
        class="usa-button pageLink usa-button--unstyled"
      >
        3
      </button>
      <button
        class="usa-button pageLink usa-button--unstyled"
      >
        Next
        <svg
          aria-hidden="true"
          class="svg-inline--fa fa-chevron-right fa-w-10 fa-sm margin-left-1"
          data-icon="chevron-right"
          data-prefix="fas"
          focusable="false"
          role="img"
          viewBox="0 0 320 512"
          xmlns="http://www.w3.org/2000/svg"
        >
          <path
            d="M285.476 272.971L91.132 467.314c-9.373 9.373-24.569 9.373-33.941 0l-22.667-22.667c-9.357-9.357-9.375-24.522-.04-33.901L188.505 256 34.484 101.255c-9.335-9.379-9.317-24.544.04-33.901l22.667-22.667c9.373-9.373 24.569-9.373 33.941 0L285.475 239.03c9.373 9.372 9.373 24.568.001 33.941z"
            fill="currentColor"
          />
        </svg>
      </button>
      <button
        class="usa-button pageLink usa-button--unstyled"
      >
        Last
        <svg
          aria-hidden="true"
          class="svg-inline--fa fa-chevron-right fa-w-10 fa-sm margin-left-1"
          data-icon="chevron-right"
          data-prefix="fas"
          focusable="false"
          role="img"
          viewBox="0 0 320 512"
          xmlns="http://www.w3.org/2000/svg"
        >
          <path
            d="M285.476 272.971L91.132 467.314c-9.373 9.373-24.569 9.373-33.941 0l-22.667-22.667c-9.357-9.357-9.375-24.522-.04-33.901L188.505 256 34.484 101.255c-9.335-9.379-9.317-24.544.04-33.901l22.667-22.667c9.373-9.373 24.569-9.373 33.941 0L285.475 239.03c9.373 9.372 9.373 24.568.001 33.941z"
            fill="currentColor"
          />
        </svg>
        <svg
          aria-hidden="true"
          class="svg-inline--fa fa-chevron-right fa-w-10 fa-sm "
          data-icon="chevron-right"
          data-prefix="fas"
          focusable="false"
          role="img"
          viewBox="0 0 320 512"
          xmlns="http://www.w3.org/2000/svg"
        >
          <path
            d="M285.476 272.971L91.132 467.314c-9.373 9.373-24.569 9.373-33.941 0l-22.667-22.667c-9.357-9.357-9.375-24.522-.04-33.901L188.505 256 34.484 101.255c-9.335-9.379-9.317-24.544.04-33.901l22.667-22.667c9.373-9.373 24.569-9.373 33.941 0L285.475 239.03c9.373 9.372 9.373 24.568.001 33.941z"
            fill="currentColor"
          />
        </svg>
      </button>
    </div>
  </div>
</DocumentFragment>
`;
