// Jest Snapshot v1, https://goo.gl/fbAQLP

exports[`home page protected route component matches snapshot 1`] = `
<DocumentFragment>
  <div
    class="root"
  >
    <h2>
      Protected Route
    </h2>
    <div>
      username: 
    </div>
    <div>
      <button
        class="usa-button"
      >
        Logout
      </button>
      <button
        class="usa-button"
      >
        Create worker debug message
      </button>
    </div>
  </div>
</DocumentFragment>
`;
