// Jest Snapshot v1, https://goo.gl/fbAQLP

exports[`Table component matches snapshot 1`] = `
<DocumentFragment>
  <table
    class="usa-table grid-col-12 usa-table--borderless"
    role="table"
  >
    <thead>
      <tr
        role="row"
      >
        <th
          colspan="1"
          role="columnheader"
        >
          <div
            class="display-flex flex-justify flex-align-center flex-no-wrap text-no-wrap"
          >
            expand
            <svg
              aria-hidden="true"
              class="svg-inline--fa fa-chevron-up fa-w-14 margin-left-05"
              data-icon="chevron-up"
              data-prefix="fas"
              focusable="false"
              role="img"
              style="visibility: hidden;"
              viewBox="0 0 448 512"
              xmlns="http://www.w3.org/2000/svg"
            >
              <path
                d="M240.971 130.524l194.343 194.343c9.373 9.373 9.373 24.569 0 33.941l-22.667 22.667c-9.357 9.357-24.522 9.375-33.901.04L224 227.495 69.255 381.516c-9.379 9.335-24.544 9.317-33.901-.04l-22.667-22.667c-9.373-9.373-9.373-24.569 0-33.941L207.03 130.525c9.372-9.373 24.568-9.373 33.941-.001z"
                fill="currentColor"
              />
            </svg>
          </div>
        </th>
        <th
          colspan="1"
          role="columnheader"
          style="cursor: pointer;"
          title="Toggle SortBy"
        >
          <div
            class="display-flex flex-justify flex-align-center flex-no-wrap text-no-wrap"
          >
            test column
            <svg
              aria-hidden="true"
              class="svg-inline--fa fa-chevron-up fa-w-14 margin-left-05"
              data-icon="chevron-up"
              data-prefix="fas"
              focusable="false"
              role="img"
              style="visibility: visible;"
              viewBox="0 0 448 512"
              xmlns="http://www.w3.org/2000/svg"
            >
              <path
                d="M240.971 130.524l194.343 194.343c9.373 9.373 9.373 24.569 0 33.941l-22.667 22.667c-9.357 9.357-24.522 9.375-33.901.04L224 227.495 69.255 381.516c-9.379 9.335-24.544 9.317-33.901-.04l-22.667-22.667c-9.373-9.373-9.373-24.569 0-33.941L207.03 130.525c9.372-9.373 24.568-9.373 33.941-.001z"
                fill="currentColor"
              />
            </svg>
          </div>
        </th>
      </tr>
    </thead>
    <tbody
      role="rowgroup"
    >
      <tr
        role="row"
      >
        <td
          role="cell"
          style="background-color: rgb(240, 240, 240); border-color: white;"
        >
          <span
            data-testid="testexpand"
            style="cursor: pointer;"
            title="Toggle Row Expanded"
          >
            expand
          </span>
        </td>
        <td
          role="cell"
          style="background-color: rgb(240, 240, 240); border-color: white;"
        >
          2
        </td>
      </tr>
    </tbody>
  </table>
</DocumentFragment>
`;
