// Jest Snapshot v1, https://goo.gl/fbAQLP

exports[`SelectFilterControls component matches snapshot 1`] = `
<DocumentFragment>
  <form
    class="grid-row flex-row flex-justify-center flex-align-center"
  >
    <div
      class="grid-col-full tablet:grid-col-2 margin-x-2"
    >
      <select
        class="usa-select"
        placeholder="Field"
      >
        <option
          value="testopt1"
        >
          test opt 1
        </option>
        <option
          value="testopt2"
        >
          test opt 2
        </option>
        <option
          value="testopt3"
        >
          test opt 3
        </option>
      </select>
    </div>
    <div
      class="grid-col-10 tablet:grid-col-3"
    >
      <input
        class="usa-input noOutline"
        placeholder="Search"
        type="text"
        value=""
      />
    </div>
    <div
      class="grid-col-auto"
    >
      <button
        class="usa-button margin-top-1 square"
        type="submit"
      >
        <svg
          aria-hidden="true"
          class="svg-inline--fa fa-search fa-w-16 "
          data-icon="search"
          data-prefix="fas"
          focusable="false"
          role="img"
          viewBox="0 0 512 512"
          xmlns="http://www.w3.org/2000/svg"
        >
          <path
            d="M505 442.7L405.3 343c-4.5-4.5-10.6-7-17-7H372c27.6-35.3 44-79.7 44-128C416 93.1 322.9 0 208 0S0 93.1 0 208s93.1 208 208 208c48.3 0 92.7-16.4 128-44v16.3c0 6.4 2.5 12.5 7 17l99.7 99.7c9.4 9.4 24.6 9.4 33.9 0l28.3-28.3c9.4-9.4 9.4-24.6.1-34zM208 336c-70.7 0-128-57.2-128-128 0-70.7 57.2-128 128-128 70.7 0 128 57.2 128 128 0 70.7-57.2 128-128 128z"
            fill="currentColor"
          />
        </svg>
      </button>
    </div>
  </form>
</DocumentFragment>
`;
